[2026-05-20 09:44:11] [SUCCESS] Code: 2026040100001 | Target: 08563376207 | Message: "Yth Bpk/Ibu SUDARMADJI, Berikut ini kami kirimkan invoice iuran untuk tenant :P1F2-0 Anda nomor SC04260010 untuk periode April 2026 sebesar Rp 468.850 belum terlunasi. Mohon segera melakukan pembayaran."
[2026-05-20 09:44:12] [SUCCESS] Code: 2026040100002 | Target: 08563376207 | Message: "Yth Bpk/Ibu ANDRIANTO, Berikut ini kami kirimkan invoice iuran untuk tenant :P1G6-04 Anda nomor SC04260042 untuk periode April 2026 sebesar Rp 262.600 belum terlunasi. Mohon segera melakukan pembayaran."
[2026-05-20 09:44:13] [SUCCESS] Code: 2026040100003 | Target: 08563376207 | Message: "Yth Bpk/Ibu BAMBANG SUANDRIYANTO, Berikut ini kami kirimkan invoice iuran untuk tenant :P1K5-02 Anda nomor SC04260083 untuk periode April 2026 sebesar Rp 281.350 belum terlunasi. Mohon segera melakukan pembayaran."
[2026-05-20 09:49:11] [SUCCESS] Code: 2026040100005 | Target: 08563376207 | Message: "Yth Bpk/Ibu SUDARMADJI [P1F2-0],
Berikut ini kami kirimkan invoice iuran untuk tenant : P1F2-0 Anda nomor SC04260010 untuk periode April 2026 sebesar Rp 468.850. Abaikan pesan ini jika sudah melakukan pembayaran terima kasih."
[2026-05-20 09:49:12] [SUCCESS] Code: 2026040100006 | Target: 08563376207 | Message: "Yth Bpk/Ibu ANDRIANTO [P1G6-04],
Berikut ini kami kirimkan invoice iuran untuk tenant : P1G6-04 Anda nomor SC04260042 untuk periode April 2026 sebesar Rp 262.600. Abaikan pesan ini jika sudah melakukan pembayaran terima kasih."
[2026-05-20 09:49:13] [SUCCESS] Code: 2026040100007 | Target: 08563376207 | Message: "Yth Bpk/Ibu BAMBANG SUANDRIYANTO [P1K5-02],
Berikut ini kami kirimkan invoice iuran untuk tenant : P1K5-02 Anda nomor SC04260083 untuk periode April 2026 sebesar Rp 281.350. Abaikan pesan ini jika sudah melakukan pembayaran terima kasih."
[2026-05-20 09:49:14] [SUCCESS] Code: 2026040100008 | Target: 08563376207 | Message: "Yth Bpk/Ibu BAMBANG SUANDRIYANTO [P1K5-03],
Berikut ini kami kirimkan invoice iuran untuk tenant : P1K5-03 Anda nomor SC04260084 untuk periode April 2026 sebesar Rp 281.350. Abaikan pesan ini jika sudah melakukan pembayaran terima kasih."
[2026-05-20 09:54:11] [SUCCESS] Code: 2026040100009 | Target: 08563376207 | Message: "Kepada Yth.
Bapak/Ibu SUDARMADJI [P1F2-0]
Di Tempat

Dengan hormat,
Bersama pesan ini, kami lampirkan/kirimkan invoice iuran untuk unit tenant P1F2-0 dengan rincian sebagai berikut:

Nomor Invoice: SC04260010
Periode: April 2026
Total Tagihan: Rp 468.850,-

Mohon dapat segera melakukan pembayaran sebelum jatuh tempo. Apabila Bapak/Ibu sudah melakukan pembayaran, mohon abaikan pemberitahuan ini.

Atas perhatian dan kerja samanya, kami ucapkan terima kasih."
[2026-05-20 09:54:12] [SUCCESS] Code: 2026040100010 | Target: 08563376207 | Message: "Kepada Yth.
Bapak/Ibu ANDRIANTO [P1G6-04]
Di Tempat

Dengan hormat,
Bersama pesan ini, kami lampirkan/kirimkan invoice iuran untuk unit tenant P1G6-04 dengan rincian sebagai berikut:

Nomor Invoice: SC04260042
Periode: April 2026
Total Tagihan: Rp 262.600,-

Mohon dapat segera melakukan pembayaran sebelum jatuh tempo. Apabila Bapak/Ibu sudah melakukan pembayaran, mohon abaikan pemberitahuan ini.

Atas perhatian dan kerja samanya, kami ucapkan terima kasih."
[2026-05-20 09:54:13] [SUCCESS] Code: 2026040100011 | Target: 08563376207 | Message: "Kepada Yth.
Bapak/Ibu BAMBANG SUANDRIYANTO [P1K5-02]
Di Tempat

Dengan hormat,
Bersama pesan ini, kami lampirkan/kirimkan invoice iuran untuk unit tenant P1K5-02 dengan rincian sebagai berikut:

Nomor Invoice: SC04260083
Periode: April 2026
Total Tagihan: Rp 281.350,-

Mohon dapat segera melakukan pembayaran sebelum jatuh tempo. Apabila Bapak/Ibu sudah melakukan pembayaran, mohon abaikan pemberitahuan ini.

Atas perhatian dan kerja samanya, kami ucapkan terima kasih."
[2026-05-20 09:54:15] [SUCCESS] Code: 2026040100012 | Target: 08563376207 | Message: "Kepada Yth.
Bapak/Ibu BAMBANG SUANDRIYANTO [P1K5-03]
Di Tempat

Dengan hormat,
Bersama pesan ini, kami lampirkan/kirimkan invoice iuran untuk unit tenant P1K5-03 dengan rincian sebagai berikut:

Nomor Invoice: SC04260084
Periode: April 2026
Total Tagihan: Rp 281.350,-

Mohon dapat segera melakukan pembayaran sebelum jatuh tempo. Apabila Bapak/Ibu sudah melakukan pembayaran, mohon abaikan pemberitahuan ini.

Atas perhatian dan kerja samanya, kami ucapkan terima kasih."
